Route: c8y-devicecontrol-notifications (c8y/devicecontrol/notifications)

Input Message
  topic:    c8y/devicecontrol/notifications

Output Message (mqtt)
  topic:    c8y/devicecontrol/notifications/sim_tedge01:device:child02/c8y_Command

    {
      "_ctx": {
        "agentID": "822039111",
        "deviceID": "372037885",
        "id": "2042018",
        "localSerial": "sim_tedge01:device:child02",
        "lvl": 1,
        "opType": "c8y_Command",
        "operationID": "2042018",
        "parent": "sim_tedge01",
        "serial": "sim_tedge01:device:child02"
      },
      "payload": {
        "agentId": "822039111",
        "c8y_Command": {
          "text": "ls -l"
        },
        "creationTime": "2023-05-26T20:10:54.446Z",
        "delivery": {
          "log": [],
          "status": "PENDING",
          "time": "2023-05-26T20:10:54.494Z"
        },
        "description": "Execute shell command",
        "deviceId": "372037885",
        "externalSource": {
          "externalId": "sim_tedge01:device:child02",
          "type": "c8y_Serial"
        },
        "id": "2042018",
        "status": "PENDING"
      }
    }

Route: shell-operation (c8y/devicecontrol/notifications/+/c8y_Command)

Input Message
  topic:    c8y/devicecontrol/notifications/sim_tedge01:device:child02/c8y_Command

Output Message (mqtt)
  topic:    te/device/child02///cmd/execute_shell/c8y-2042018

    {
      "command": "ls -l"
    }